<html>
<body>
<pre>
<h1>µVision Build Log</h1>
<h2>Tool Versions:</h2>
IDE-Version: ¦ÌVision V5.24.2.0
Copyright (C) 2017 ARM Ltd and ARM Germany GmbH. All rights reserved.
License Information: cdds lenovo, asdd, LIC=QF82M-XIXB9-RAJDM-XL3H7-D5AIG-ABT7J
 
Tool Versions:
Toolchain:       MDK-ARM Plus  Version: 5.24.1
Toolchain Path:  C:\Keil_v5\ARM\ARMCC\Bin
C Compiler:      Armcc.exe V5.06 update 5 (build 528)
Assembler:       Armasm.exe V5.06 update 5 (build 528)
Linker/Locator:  ArmLink.exe V5.06 update 5 (build 528)
Library Manager: ArmAr.exe V5.06 update 5 (build 528)
Hex Converter:   FromElf.exe V5.06 update 5 (build 528)
CPU DLL:         SARMCM3.DLL V5.24.1
Dialog DLL:      DCM.DLL V1.16.0.0
Target DLL:      Segger\JL2CM3.dll V2.99.26.0
Dialog DLL:      TCM.DLL V1.32.0.0
 
<h2>Project:</h2>
E:\RCA03\redo_pwr1\MDK-ARM\redo_pwr1.uvprojx
Project File Date:  02/19/2025

<h2>Output:</h2>
*** Using Compiler 'V5.06 update 5 (build 528)', folder: 'C:\Keil_v5\ARM\ARMCC\Bin'
Rebuild target 'redo_pwr1'
assembling startup_stm32f103xe.s...
compiling spi.c...
compiling stm32f1xx_hal_timebase_tim.c...
compiling gpio.c...
compiling stm32f1xx_it.c...
compiling can.c...
compiling stm32f1xx_hal_gpio_ex.c...
compiling stm32f1xx_hal_msp.c...
compiling dma.c...
compiling usart.c...
compiling adc.c...
compiling stm32f1xx_hal_tim_ex.c...
compiling freertos.c...
compiling stm32f1xx_hal_adc.c...
compiling main.c...
compiling stm32f1xx_hal_tim.c...
compiling stm32f1xx_hal.c...
compiling stm32f1xx_hal_rcc_ex.c...
compiling stm32f1xx_hal_flash.c...
compiling stm32f1xx_hal_adc_ex.c...
compiling stm32f1xx_hal_cortex.c...
compiling stm32f1xx_hal_pwr.c...
compiling croutine.c...
compiling list.c...
compiling stm32f1xx_hal_flash_ex.c...
compiling event_groups.c...
compiling stm32f1xx_hal_exti.c...
compiling system_stm32f1xx.c...
compiling stm32f1xx_hal_can.c...
compiling stm32f1xx_hal_gpio.c...
compiling queue.c...
compiling stm32f1xx_hal_rcc.c...
compiling timers.c...
compiling stream_buffer.c...
compiling heap_4.c...
compiling tasks.c...
compiling stm32f1xx_hal_spi.c...
compiling stm32f1xx_hal_uart.c...
compiling stm32f1xx_hal_dma.c...
compiling cmsis_os.c...
compiling port.c...
compiling debug.c...
compiling app.c...
compiling check.c...
compiling rc_can.c...
compiling protocol.c...
compiling Hal.c...
..\Core\APP\Hal.c(53): warning:  #188-D: enumerated type mixed with another type
          HAL_GPIO_WritePin(gpioleds[idx].port, gpioleds[idx].pin, 
ED_STATUS_OFF);
..\Core\APP\Hal.c(75): warning:  #188-D: enumerated type mixed with another type
          HAL_GPIO_WritePin(gpioleds[index].port, gpioleds[index].pin, 
ED_STATUS_OFF);
..\Core\APP\Hal.c(77): warning:  #188-D: enumerated type mixed with another type
          HAL_GPIO_WritePin(gpioleds[index].port, gpioleds[index].pin, 
ED_STATUS_ON);
..\Core\APP\Hal.c(178): warning:  #550-D: variable "sys"  was set but never used
      Sys_Info *sys;
..\Core\APP\Hal.c: 4 warnings, 0 errors
linking...
Program Size: Code=26684 RO-data=396 RW-data=244 ZI-data=18956  
FromELF: creating hex file...
"redo_pwr1\redo_pwr1.axf" - 0 Error(s), 4 Warning(s).

<h2>Software Packages used:</h2>

Package Vendor: ARM
                http://www.keil.com/pack/ARM.CMSIS.5.0.1.pack
                ARM.CMSIS.5.0.1
                CMSIS (Cortex Microcontroller Software Interface Standard)
   * Component: CORE Version: 5.0.1

Package Vendor: Keil
                http://www.keil.com/pack/Keil.STM32F1xx_DFP.2.2.0.pack
                Keil.STM32F1xx_DFP.2.2.0
                STMicroelectronics STM32F1 Series Device Support, Drivers and Examples

<h2>Collection of Component include folders:</h2>
  .\RTE\_redo_pwr1
  C:\Keil_v5\ARM\PACK\ARM\CMSIS\5.0.1\CMSIS\Include
  C:\Keil_v5\ARM\PACK\Keil\STM32F1xx_DFP\2.2.0\Device\Include

<h2>Collection of Component Files used:</h2>

   * Component: ARM::CMSIS:CORE:5.0.1
Build Time Elapsed:  00:00:06
</pre>
</body>
</html>
